// Jest Snapshot v1, https://goo.gl/fbAQLP

exports[`ExpandArtifact renders correctly 1`] = `
<div>
  1000.00 Bytes
</div>
`;
