// Jest Snapshot v1, https://goo.gl/fbAQLP

exports[`CompletedDeployments Component renders correctly 1`] = `null`;
