// Jest Snapshot v1, https://goo.gl/fbAQLP

exports[`renders correctly 1`] = `
<div
  style={
    Object {
      "position": "relative",
    }
  }
>
  <a
    className="MuiButtonBase-root-11 MuiFab-root-1 MuiFab-primary-3"
    href="/devices/pending"
    onBlur={[Function]}
    onClick={[Function]}
    onContextMenu={[Function]}
    onFocus={[Function]}
    onKeyDown={[Function]}
    onKeyUp={[Function]}
    onMouseDown={[Function]}
    onMouseLeave={[Function]}
    onMouseUp={[Function]}
    onTouchEnd={[Function]}
    onTouchMove={[Function]}
    onTouchStart={[Function]}
    role="button"
    style={
      Object {
        "left": "15px",
        "position": "absolute",
        "top": "-28px",
        "zIndex": "1",
      }
    }
    tabIndex="0"
  >
    <span
      className="MuiFab-label-2"
    >
      <svg
        aria-hidden="true"
        className="MuiSvgIcon-root-14"
        focusable="false"
        role="presentation"
        viewBox="0 0 24 24"
      >
        <path
          d="M19 13h-6v6h-2v-6H5v-2h6V5h2v6h6v2z"
        />
        <path
          d="M0 0h24v24H0z"
          fill="none"
        />
      </svg>
    </span>
    <span
      className="MuiTouchRipple-root-23"
    />
  </a>
  <div
    className="notActive widget "
    onClick={[Function]}
  >
    <div
      style={
        Object {
          "display": "flex",
          "flexDirection": "column",
          "height": "100%",
          "width": "100%",
        }
      }
    >
      <div
        className="widgetMainContent align-right"
        style={
          Object {
            "alignItems": "flex-end",
            "display": "flex",
            "flexDirection": "column",
          }
        }
      >
        <div
          className="header"
        >
          Pending devices
        </div>
        <div
          className="counter"
        />
      </div>
      <span
        className="link"
      >
        View details
      </span>
    </div>
  </div>
</div>
`;
