// Jest Snapshot v1, https://goo.gl/fbAQLP

exports[`renders correctly 1`] = `
<div
  className="onboard widget"
  onClick={[Function]}
>
  <div>
    <p
      className="muted"
    />
  </div>
  <a
    className="MuiButtonBase-root-27 MuiButton-root-1 MuiButton-text-3 MuiButton-flat-6"
    href="/testlocation"
    onBlur={[Function]}
    onClick={[Function]}
    onContextMenu={[Function]}
    onFocus={[Function]}
    onKeyDown={[Function]}
    onKeyUp={[Function]}
    onMouseDown={[Function]}
    onMouseLeave={[Function]}
    onMouseUp={[Function]}
    onTouchEnd={[Function]}
    onTouchMove={[Function]}
    onTouchStart={[Function]}
    role="button"
    tabIndex="0"
  >
    <span
      className="MuiButton-label-2"
    >
      <div />
    </span>
    <span
      className="MuiTouchRipple-root-30"
    />
  </a>
</div>
`;
