// Jest Snapshot v1, https://goo.gl/fbAQLP

exports[`UserForm Component renders correctly 1`] = `
<form
  className=""
>
  <div
    className="flexbox"
    style={
      Object {
        "height": "min-content",
        "justifyContent": "flex-end",
        "margin": "24px 0 -16px 0",
      }
    }
  >
    <button
      className="MuiButtonBase-root MuiButton-root MuiButton-contained Mui-disabled Mui-disabled"
      disabled={true}
      id="submit_button"
      onBlur={[Function]}
      onClick={[Function]}
      onDragLeave={[Function]}
      onFocus={[Function]}
      onKeyDown={[Function]}
      onKeyUp={[Function]}
      onMouseDown={[Function]}
      onMouseLeave={[Function]}
      onMouseUp={[Function]}
      onTouchEnd={[Function]}
      onTouchMove={[Function]}
      onTouchStart={[Function]}
      tabIndex={-1}
      type="button"
    >
      <span
        className="MuiButton-label"
      />
    </button>
  </div>
</form>
`;
