// Jest Snapshot v1, https://goo.gl/fbAQLP

exports[`SharedSnackbar Component renders correctly 1`] = `null`;
