// Jest Snapshot v1, https://goo.gl/fbAQLP

exports[`renders correctly 1`] = `
<div>
  <h2>
    System Updates
  </h2>
  <p>
    The built-in update mechanism in Mender is dual A/B rootfs updates, meaning the whole system on the device is updated. To enable system updates, the device needs to have an A/B partition layout with the Mender client installed in its disk image.
  </p>
  <p>
    Learn how to enable and connect your devices for system updates:
  </p>
  <ul>
    <li>
      <p>
        <a
          href="/help/system-updates/board-integrations"
          onClick={[Function]}
        >
          Supported board integrations on Mender Hub
        </a>
      </p>
    </li>
    <li>
      <p>
        <a
          href="/help/system-updates/build-with-yocto"
          onClick={[Function]}
        >
          Building a Mender-enabled Yocto image
        </a>
      </p>
    </li>
    <li>
      <p>
        <a
          href="/help/system-updates/integrate-debian"
          onClick={[Function]}
        >
          Devices running Debian family OSes
        </a>
      </p>
    </li>
  </ul>
  <p>
    You can learn more about Mender's A/B partition architecture
     
    <a
      href="https://docs.mender.io/undefinedarchitecture/overview"
      target="_blank"
    >
      here
    </a>
    .
  </p>
</div>
`;
