// Jest Snapshot v1, https://goo.gl/fbAQLP

exports[`InProgressDeployments Component renders correctly 1`] = `"<div></div>"`;
