// Jest Snapshot v1, https://goo.gl/fbAQLP

exports[`renders correctly 1`] = `
<div>
  <h3>
    Scheduled deployments
  </h3>
  <div
    className={null}
  >
    <p
      className="italic"
    >
      No deployments scheduled
    </p>
  </div>
</div>
`;
