// Jest Snapshot v1, https://goo.gl/fbAQLP

exports[`renders correctly 1`] = `
<div
  style={
    Object {
      "height": "200px",
    }
  }
>
  <div
    className="MuiFormControl-root-1"
  >
    <label
      className="MuiFormLabel-root-16 MuiInputLabel-root-5 MuiInputLabel-formControl-10 MuiInputLabel-animated-13"
      data-shrink={false}
      htmlFor="group-name-input"
    >
      Name of new group
    </label>
    <div
      className="MuiInputBase-root-36 MuiInput-root-23 MuiInput-underline-27 MuiInputBase-formControl-37 MuiInput-formControl-24 float-left clear"
      onClick={[Function]}
    >
      <input
        aria-invalid={false}
        className="MuiInputBase-input-46 MuiInput-input-31"
        disabled={false}
        id="group-name-input"
        onBlur={[Function]}
        onChange={[Function]}
        onFocus={[Function]}
        placeholder="Name of new group"
        required={false}
        type="text"
        value=""
      />
    </div>
    <p
      className="MuiFormHelperText-root-53"
    />
  </div>
  <div
    className="block float-left clear"
  />
</div>
`;
