// Jest Snapshot v1, https://goo.gl/fbAQLP

exports[`renders correctly 1`] = `
<div
  className="tab-container"
>
  <button
    className="MuiButtonBase-root-27 MuiButton-root-1 MuiButton-contained-12 MuiButton-containedSecondary-14 MuiButton-raised-15 MuiButton-raisedSecondary-17 top-right-button"
    disabled={false}
    onBlur={[Function]}
    onClick={[Function]}
    onContextMenu={[Function]}
    onFocus={[Function]}
    onKeyDown={[Function]}
    onKeyUp={[Function]}
    onMouseDown={[Function]}
    onMouseLeave={[Function]}
    onMouseUp={[Function]}
    onTouchEnd={[Function]}
    onTouchMove={[Function]}
    onTouchStart={[Function]}
    style={
      Object {
        "position": "absolute",
      }
    }
    tabIndex="0"
    type="button"
  >
    <span
      className="MuiButton-label-2"
    >
      Preauthorize devices
    </span>
    <span
      className="MuiTouchRipple-root-46"
    />
  </button>
  <div
    className="loaderContainer"
  >
    <div
      className="loader"
    >
      <span
        className="dot dot_1"
      />
      <span
        className="dot dot_2"
      />
      <span
        className="dot dot_3"
      />
      <span
        className="dot dot_4"
      />
    </div>
  </div>
  <div
    className="hidden"
  >
    <p>
      There are no preauthorized devices.
    </p>
    <p>
      <a
        onClick={[Function]}
      >
        Preauthorize devices
      </a>
       so that when they come online, they will connect to the server immediately
    </p>
    <img
      alt="preauthorize"
      src="assets/img/preauthorize.png"
    />
  </div>
</div>
`;
