// Jest Snapshot v1, https://goo.gl/fbAQLP

exports[`renders correctly 1`] = `
<form
  className=""
>
  <div
    className="float-right"
    style={
      Object {
        "marginTop": "32px",
      }
    }
  >
    <button
      className="MuiButtonBase-root-27 MuiButtonBase-disabled-28 MuiButton-root-1 MuiButton-contained-12 MuiButton-raised-15 MuiButton-disabled-21"
      disabled={true}
      onBlur={[Function]}
      onClick={[Function]}
      onContextMenu={[Function]}
      onFocus={[Function]}
      onKeyDown={[Function]}
      onKeyUp={[Function]}
      onMouseDown={[Function]}
      onMouseLeave={[Function]}
      onMouseUp={[Function]}
      onTouchEnd={[Function]}
      onTouchMove={[Function]}
      onTouchStart={[Function]}
      tabIndex="-1"
      type="button"
    >
      <span
        className="MuiButton-label-2"
      />
    </button>
  </div>
</form>
`;
