// Jest Snapshot v1, https://goo.gl/fbAQLP

exports[`renders correctly 1`] = `
<div
  className="MuiFormControl-root-1"
>
  <label
    className="MuiFormLabel-root-16 MuiInputLabel-root-5 MuiInputLabel-formControl-10 MuiInputLabel-animated-13"
    data-shrink={false}
  />
  <div
    className="MuiInputBase-root-36 MuiInput-root-23 MuiInput-underline-27 MuiInputBase-formControl-37 MuiInput-formControl-24"
    onClick={[Function]}
    style={
      Object {
        "maxWidth": "100%",
        "width": "400px",
      }
    }
  >
    <input
      aria-invalid={false}
      className="MuiInputBase-input-46 MuiInput-input-31"
      disabled={false}
      onBlur={[Function]}
      onChange={[Function]}
      onFocus={[Function]}
      required={false}
      type="text"
    />
  </div>
  <p
    className="MuiFormHelperText-root-53"
    id="component-error-text"
  />
</div>
`;
